<html>
<body>
<pre>
<h1>µVision Build Log</h1>
<h2>Project:</h2>
E:\stm32\µ¯Á¦Çò×îÖÕ°æ\User\stmmm.uvproj
Project File Date:  05/28/2018

<h2>Output:</h2>
compiling main.c...
main.c - 0 Error(s), 0 Warning(s).
Build target 'Target 1'
compiling core_cm3.c...
compiling system_stm32f10x.c...
assembling startup_stm32f10x_hd.s...
compiling misc.c...
compiling stm32f10x_adc.c...
compiling stm32f10x_bkp.c...
compiling stm32f10x_can.c...
compiling stm32f10x_cec.c...
compiling stm32f10x_crc.c...
compiling stm32f10x_dac.c...
compiling stm32f10x_dbgmcu.c...
compiling stm32f10x_dma.c...
compiling stm32f10x_exti.c...
compiling stm32f10x_flash.c...
compiling stm32f10x_fsmc.c...
compiling stm32f10x_gpio.c...
compiling stm32f10x_i2c.c...
compiling stm32f10x_iwdg.c...
compiling stm32f10x_pwr.c...
compiling stm32f10x_rcc.c...
compiling stm32f10x_rtc.c...
compiling stm32f10x_sdio.c...
compiling stm32f10x_spi.c...
compiling stm32f10x_tim.c...
compiling stm32f10x_usart.c...
compiling stm32f10x_wwdg.c...
compiling stm32f10x_it.c...
compiling bsp_ili9341_lcd.c...
compiling bsp_spi_flash.c...
compiling bsp_SysTick.c...
compiling bsp_usart.c...
compiling fonts.c...
linking...
Program Size: Code=13606 RO-data=15538 RW-data=232 ZI-data=18600  
FromELF: creating hex file...
"..\Output\stmmm.axf" - 0 Error(s), 0 Warning(s).
Build target 'Target 1'
compiling core_cm3.c...
compiling system_stm32f10x.c...
assembling startup_stm32f10x_hd.s...
compiling misc.c...
compiling stm32f10x_adc.c...
compiling stm32f10x_bkp.c...
compiling stm32f10x_can.c...
compiling stm32f10x_cec.c...
compiling stm32f10x_crc.c...
compiling stm32f10x_dac.c...
compiling stm32f10x_dbgmcu.c...
compiling stm32f10x_dma.c...
compiling stm32f10x_exti.c...
compiling stm32f10x_flash.c...
compiling stm32f10x_fsmc.c...
compiling stm32f10x_gpio.c...
compiling stm32f10x_i2c.c...
compiling stm32f10x_iwdg.c...
compiling stm32f10x_pwr.c...
compiling stm32f10x_rcc.c...
compiling stm32f10x_rtc.c...
compiling stm32f10x_sdio.c...
compiling stm32f10x_spi.c...
compiling stm32f10x_tim.c...
compiling stm32f10x_usart.c...
compiling stm32f10x_wwdg.c...
compiling stm32f10x_it.c...
compiling bsp_ili9341_lcd.c...
compiling bsp_spi_flash.c...
compiling bsp_SysTick.c...
compiling bsp_usart.c...
compiling fonts.c...
compiling main.c...
linking...
Program Size: Code=13606 RO-data=15538 RW-data=232 ZI-data=18600  
FromELF: creating hex file...
"..\Output\stmmm.axf" - 0 Error(s), 0 Warning(s).
