ARM Linker, 4.1 [Build 481] [Standard]

==============================================================================

Section Cross References

    system_stm32f10x.o(.text) refers to system_stm32f10x.o(.data) for SystemCoreClock
    startup_stm32f10x_hd.o(RESET) refers to startup_stm32f10x_hd.o(STACK) for __initial_sp
    startup_stm32f10x_hd.o(RESET) refers to startup_stm32f10x_hd.o(.text) for Reset_Handler
    startup_stm32f10x_hd.o(RESET) refers to stm32f10x_it.o(.text) for NMI_Handler
    startup_stm32f10x_hd.o(.text) refers to system_stm32f10x.o(.text) for SystemInit
    startup_stm32f10x_hd.o(.text) refers to entry.o(.ARM.Collect$$$$00000000) for __main
    stm32f10x_adc.o(.text) refers to stm32f10x_rcc.o(.text) for RCC_APB2PeriphResetCmd
    stm32f10x_bkp.o(.text) refers to stm32f10x_rcc.o(.text) for RCC_BackupResetCmd
    stm32f10x_can.o(.text) refers to stm32f10x_rcc.o(.text) for RCC_APB1PeriphResetCmd
    stm32f10x_cec.o(.text) refers to stm32f10x_rcc.o(.text) for RCC_APB1PeriphResetCmd
    stm32f10x_dac.o(.text) refers to stm32f10x_rcc.o(.text) for RCC_APB1PeriphResetCmd
    stm32f10x_gpio.o(.text) refers to stm32f10x_rcc.o(.text) for RCC_APB2PeriphResetCmd
    stm32f10x_i2c.o(.text) refers to stm32f10x_rcc.o(.text) for RCC_APB1PeriphResetCmd
    stm32f10x_pwr.o(.text) refers to stm32f10x_rcc.o(.text) for RCC_APB1PeriphResetCmd
    stm32f10x_rcc.o(.text) refers to stm32f10x_rcc.o(.data) for APBAHBPrescTable
    stm32f10x_spi.o(.text) refers to stm32f10x_rcc.o(.text) for RCC_APB2PeriphResetCmd
    stm32f10x_tim.o(.text) refers to stm32f10x_rcc.o(.text) for RCC_APB2PeriphResetCmd
    stm32f10x_usart.o(.text) refers to stm32f10x_rcc.o(.text) for RCC_APB2PeriphResetCmd
    stm32f10x_wwdg.o(.text) refers to stm32f10x_rcc.o(.text) for RCC_APB1PeriphResetCmd
    bsp_ili9341_lcd.o(.text) refers to stm32f10x_rcc.o(.text) for RCC_APB2PeriphClockCmd
    bsp_ili9341_lcd.o(.text) refers to stm32f10x_gpio.o(.text) for GPIO_PinRemapConfig
    bsp_ili9341_lcd.o(.text) refers to bsp_ili9341_lcd.o(i.ILI9341_Write_Cmd) for ILI9341_Write_Cmd
    bsp_ili9341_lcd.o(.text) refers to bsp_ili9341_lcd.o(i.ILI9341_Write_Data) for ILI9341_Write_Data
    bsp_ili9341_lcd.o(.text) refers to bsp_ili9341_lcd.o(.data) for LCD_SCAN_MODE
    bsp_ili9341_lcd.o(.text) refers to bsp_ili9341_lcd.o(i.ILI9341_Read_Data) for ILI9341_Read_Data
    bsp_ili9341_lcd.o(.text) refers to fonts.o(.text) for GetGBKCode_from_EXFlash
    bsp_ili9341_lcd.o(.text) refers to bsp_ili9341_lcd.o(.bss) for zoomTempBuff
    bsp_ili9341_lcd.o(.text) refers to fonts.o(.data) for Font16x24
    bsp_ili9341_lcd.o(.data) refers to fonts.o(.data) for Font8x16
    bsp_spi_flash.o(.text) refers to stm32f10x_rcc.o(.text) for RCC_APB2PeriphClockCmd
    bsp_spi_flash.o(.text) refers to stm32f10x_gpio.o(.text) for GPIO_Init
    bsp_spi_flash.o(.text) refers to stm32f10x_spi.o(.text) for SPI_Init
    bsp_spi_flash.o(.text) refers to printf1.o(i.__0printf$1) for __2printf
    bsp_spi_flash.o(.text) refers to bsp_spi_flash.o(.data) for SPITimeout
    bsp_systick.o(.text) refers to system_stm32f10x.o(.data) for SystemCoreClock
    bsp_systick.o(.text) refers to bsp_systick.o(.data) for TimingDelay
    bsp_usart.o(.text) refers to stm32f10x_rcc.o(.text) for RCC_APB2PeriphClockCmd
    bsp_usart.o(.text) refers to stm32f10x_gpio.o(.text) for GPIO_Init
    bsp_usart.o(.text) refers to stm32f10x_usart.o(.text) for USART_Init
    fonts.o(.text) refers to bsp_spi_flash.o(.text) for SPI_FLASH_Init
    fonts.o(.text) refers to fonts.o(.data) for everRead
    fonts.o(.data) refers to fonts.o(.constdata) for ASCII8x16_Table
    main.o(.text) refers to stm32f10x_rcc.o(.text) for RCC_APB2PeriphClockCmd
    main.o(.text) refers to stm32f10x_gpio.o(.text) for GPIO_Init
    main.o(.text) refers to bsp_ili9341_lcd.o(.text) for ILI9341_Init
    main.o(.text) refers to printf1.o(i.__0sprintf$1) for __2sprintf
    main.o(.text) refers to rand.o(.text) for srand
    main.o(.text) refers to main.o(.data) for score
    main.o(.text) refers to main.o(.bss) for dispBuff
    main.o(.text) refers to fonts.o(.data) for Font8x16
    entry.o(.ARM.Collect$$$$00000000) refers (Special) to entry7.o(.ARM.Collect$$$$00000007) for _main_init
    entry.o(.ARM.Collect$$$$00000000) refers (Special) to entry5.o(.ARM.Collect$$$$00000004) for _main_scatterload
    entry.o(.ARM.Collect$$$$00000000) refers (Special) to entry2.o(.ARM.Collect$$$$00000001) for _main_stk
    rand.o(.text) refers to rand.o(.data) for .data
    printfb.o(i.__0fprintf$bare) refers to printfb.o(i._printf_core) for _printf_core
    printfb.o(i.__0fprintf$bare) refers to bsp_usart.o(.text) for fputc
    printfb.o(i.__0printf$bare) refers to printfb.o(i._printf_core) for _printf_core
    printfb.o(i.__0printf$bare) refers to bsp_usart.o(.text) for fputc
    printfb.o(i.__0printf$bare) refers to stdout.o(.data) for __stdout
    printfb.o(i.__0snprintf$bare) refers to printfb.o(i._printf_core) for _printf_core
    printfb.o(i.__0snprintf$bare) refers to printfb.o(i._snputc) for _snputc
    printfb.o(i.__0sprintf$bare) refers to printfb.o(i._printf_core) for _printf_core
    printfb.o(i.__0sprintf$bare) refers to printfb.o(i._sputc) for _sputc
    printfb.o(i.__0vfprintf$bare) refers to printfb.o(i._printf_core) for _printf_core
    printfb.o(i.__0vfprintf$bare) refers to bsp_usart.o(.text) for fputc
    printfb.o(i.__0vprintf$bare) refers to printfb.o(i._printf_core) for _printf_core
    printfb.o(i.__0vprintf$bare) refers to bsp_usart.o(.text) for fputc
    printfb.o(i.__0vprintf$bare) refers to stdout.o(.data) for __stdout
    printfb.o(i.__0vsnprintf$bare) refers to printfb.o(i._printf_core) for _printf_core
    printfb.o(i.__0vsnprintf$bare) refers to printfb.o(i._snputc) for _snputc
    printfb.o(i.__0vsprintf$bare) refers to printfb.o(i._printf_core) for _printf_core
    printfb.o(i.__0vsprintf$bare) refers to printfb.o(i._sputc) for _sputc
    printf0.o(i.__0fprintf$0) refers to printf0.o(i._printf_core) for _printf_core
    printf0.o(i.__0fprintf$0) refers to bsp_usart.o(.text) for fputc
    printf0.o(i.__0printf$0) refers to printf0.o(i._printf_core) for _printf_core
    printf0.o(i.__0printf$0) refers to bsp_usart.o(.text) for fputc
    printf0.o(i.__0printf$0) refers to stdout.o(.data) for __stdout
    printf0.o(i.__0snprintf$0) refers to printf0.o(i._printf_core) for _printf_core
    printf0.o(i.__0snprintf$0) refers to printf0.o(i._snputc) for _snputc
    printf0.o(i.__0sprintf$0) refers to printf0.o(i._printf_core) for _printf_core
    printf0.o(i.__0sprintf$0) refers to printf0.o(i._sputc) for _sputc
    printf0.o(i.__0vfprintf$0) refers to printf0.o(i._printf_core) for _printf_core
    printf0.o(i.__0vfprintf$0) refers to bsp_usart.o(.text) for fputc
    printf0.o(i.__0vprintf$0) refers to printf0.o(i._printf_core) for _printf_core
    printf0.o(i.__0vprintf$0) refers to bsp_usart.o(.text) for fputc
    printf0.o(i.__0vprintf$0) refers to stdout.o(.data) for __stdout
    printf0.o(i.__0vsnprintf$0) refers to printf0.o(i._printf_core) for _printf_core
    printf0.o(i.__0vsnprintf$0) refers to printf0.o(i._snputc) for _snputc
    printf0.o(i.__0vsprintf$0) refers to printf0.o(i._printf_core) for _printf_core
    printf0.o(i.__0vsprintf$0) refers to printf0.o(i._sputc) for _sputc
    printf1.o(i.__0fprintf$1) refers to printf1.o(i._printf_core) for _printf_core
    printf1.o(i.__0fprintf$1) refers to bsp_usart.o(.text) for fputc
    printf1.o(i.__0printf$1) refers to printf1.o(i._printf_core) for _printf_core
    printf1.o(i.__0printf$1) refers to bsp_usart.o(.text) for fputc
    printf1.o(i.__0printf$1) refers to stdout.o(.data) for __stdout
    printf1.o(i.__0snprintf$1) refers to printf1.o(i._printf_core) for _printf_core
    printf1.o(i.__0snprintf$1) refers to printf1.o(i._snputc) for _snputc
    printf1.o(i.__0sprintf$1) refers to printf1.o(i._printf_core) for _printf_core
    printf1.o(i.__0sprintf$1) refers to printf1.o(i._sputc) for _sputc
    printf1.o(i.__0vfprintf$1) refers to printf1.o(i._printf_core) for _printf_core
    printf1.o(i.__0vfprintf$1) refers to bsp_usart.o(.text) for fputc
    printf1.o(i.__0vprintf$1) refers to printf1.o(i._printf_core) for _printf_core
    printf1.o(i.__0vprintf$1) refers to bsp_usart.o(.text) for fputc
    printf1.o(i.__0vprintf$1) refers to stdout.o(.data) for __stdout
    printf1.o(i.__0vsnprintf$1) refers to printf1.o(i._printf_core) for _printf_core
    printf1.o(i.__0vsnprintf$1) refers to printf1.o(i._snputc) for _snputc
    printf1.o(i.__0vsprintf$1) refers to printf1.o(i._printf_core) for _printf_core
    printf1.o(i.__0vsprintf$1) refers to printf1.o(i._sputc) for _sputc
    printf1.o(i._printf_core) refers to uidiv.o(.text) for __aeabi_uidivmod
    printf2.o(i.__0fprintf$2) refers to printf2.o(i._printf_core) for _printf_core
    printf2.o(i.__0fprintf$2) refers to bsp_usart.o(.text) for fputc
    printf2.o(i.__0printf$2) refers to printf2.o(i._printf_core) for _printf_core
    printf2.o(i.__0printf$2) refers to bsp_usart.o(.text) for fputc
    printf2.o(i.__0printf$2) refers to stdout.o(.data) for __stdout
    printf2.o(i.__0snprintf$2) refers to printf2.o(i._printf_core) for _printf_core
    printf2.o(i.__0snprintf$2) refers to printf2.o(i._snputc) for _snputc
    printf2.o(i.__0sprintf$2) refers to printf2.o(i._printf_core) for _printf_core
    printf2.o(i.__0sprintf$2) refers to printf2.o(i._sputc) for _sputc
    printf2.o(i.__0vfprintf$2) refers to printf2.o(i._printf_core) for _printf_core
    printf2.o(i.__0vfprintf$2) refers to bsp_usart.o(.text) for fputc
    printf2.o(i.__0vprintf$2) refers to printf2.o(i._printf_core) for _printf_core
    printf2.o(i.__0vprintf$2) refers to bsp_usart.o(.text) for fputc
    printf2.o(i.__0vprintf$2) refers to stdout.o(.data) for __stdout
    printf2.o(i.__0vsnprintf$2) refers to printf2.o(i._printf_core) for _printf_core
    printf2.o(i.__0vsnprintf$2) refers to printf2.o(i._snputc) for _snputc
    printf2.o(i.__0vsprintf$2) refers to printf2.o(i._printf_core) for _printf_core
    printf2.o(i.__0vsprintf$2) refers to printf2.o(i._sputc) for _sputc
    printf3.o(i.__0fprintf$3) refers to printf3.o(i._printf_core) for _printf_core
    printf3.o(i.__0fprintf$3) refers to bsp_usart.o(.text) for fputc
    printf3.o(i.__0printf$3) refers to printf3.o(i._printf_core) for _printf_core
    printf3.o(i.__0printf$3) refers to bsp_usart.o(.text) for fputc
    printf3.o(i.__0printf$3) refers to stdout.o(.data) for __stdout
    printf3.o(i.__0snprintf$3) refers to printf3.o(i._printf_core) for _printf_core
    printf3.o(i.__0snprintf$3) refers to printf3.o(i._snputc) for _snputc
    printf3.o(i.__0sprintf$3) refers to printf3.o(i._printf_core) for _printf_core
    printf3.o(i.__0sprintf$3) refers to printf3.o(i._sputc) for _sputc
    printf3.o(i.__0vfprintf$3) refers to printf3.o(i._printf_core) for _printf_core
    printf3.o(i.__0vfprintf$3) refers to bsp_usart.o(.text) for fputc
    printf3.o(i.__0vprintf$3) refers to printf3.o(i._printf_core) for _printf_core
    printf3.o(i.__0vprintf$3) refers to bsp_usart.o(.text) for fputc
    printf3.o(i.__0vprintf$3) refers to stdout.o(.data) for __stdout
    printf3.o(i.__0vsnprintf$3) refers to printf3.o(i._printf_core) for _printf_core
    printf3.o(i.__0vsnprintf$3) refers to printf3.o(i._snputc) for _snputc
    printf3.o(i.__0vsprintf$3) refers to printf3.o(i._printf_core) for _printf_core
    printf3.o(i.__0vsprintf$3) refers to printf3.o(i._sputc) for _sputc
    printf3.o(i._printf_core) refers to uidiv.o(.text) for __aeabi_uidivmod
    printf4.o(i.__0fprintf$4) refers to printf4.o(i._printf_core) for _printf_core
    printf4.o(i.__0fprintf$4) refers to bsp_usart.o(.text) for fputc
    printf4.o(i.__0printf$4) refers to printf4.o(i._printf_core) for _printf_core
    printf4.o(i.__0printf$4) refers to bsp_usart.o(.text) for fputc
    printf4.o(i.__0printf$4) refers to stdout.o(.data) for __stdout
    printf4.o(i.__0snprintf$4) refers to printf4.o(i._printf_core) for _printf_core
    printf4.o(i.__0snprintf$4) refers to printf4.o(i._snputc) for _snputc
    printf4.o(i.__0sprintf$4) refers to printf4.o(i._printf_core) for _printf_core
    printf4.o(i.__0sprintf$4) refers to printf4.o(i._sputc) for _sputc
    printf4.o(i.__0vfprintf$4) refers to printf4.o(i._printf_core) for _printf_core
    printf4.o(i.__0vfprintf$4) refers to bsp_usart.o(.text) for fputc
    printf4.o(i.__0vprintf$4) refers to printf4.o(i._printf_core) for _printf_core
    printf4.o(i.__0vprintf$4) refers to bsp_usart.o(.text) for fputc
    printf4.o(i.__0vprintf$4) refers to stdout.o(.data) for __stdout
    printf4.o(i.__0vsnprintf$4) refers to printf4.o(i._printf_core) for _printf_core
    printf4.o(i.__0vsnprintf$4) refers to printf4.o(i._snputc) for _snputc
    printf4.o(i.__0vsprintf$4) refers to printf4.o(i._printf_core) for _printf_core
    printf4.o(i.__0vsprintf$4) refers to printf4.o(i._sputc) for _sputc
    printf4.o(i._printf_core) refers to uldiv.o(.text) for __aeabi_uldivmod
    printf5.o(i.__0fprintf$5) refers to printf5.o(i._printf_core) for _printf_core
    printf5.o(i.__0fprintf$5) refers to bsp_usart.o(.text) for fputc
    printf5.o(i.__0printf$5) refers to printf5.o(i._printf_core) for _printf_core
    printf5.o(i.__0printf$5) refers to bsp_usart.o(.text) for fputc
    printf5.o(i.__0printf$5) refers to stdout.o(.data) for __stdout
    printf5.o(i.__0snprintf$5) refers to printf5.o(i._printf_core) for _printf_core
    printf5.o(i.__0snprintf$5) refers to printf5.o(i._snputc) for _snputc
    printf5.o(i.__0sprintf$5) refers to printf5.o(i._printf_core) for _printf_core
    printf5.o(i.__0sprintf$5) refers to printf5.o(i._sputc) for _sputc
    printf5.o(i.__0vfprintf$5) refers to printf5.o(i._printf_core) for _printf_core
    printf5.o(i.__0vfprintf$5) refers to bsp_usart.o(.text) for fputc
    printf5.o(i.__0vprintf$5) refers to printf5.o(i._printf_core) for _printf_core
    printf5.o(i.__0vprintf$5) refers to bsp_usart.o(.text) for fputc
    printf5.o(i.__0vprintf$5) refers to stdout.o(.data) for __stdout
    printf5.o(i.__0vsnprintf$5) refers to printf5.o(i._printf_core) for _printf_core
    printf5.o(i.__0vsnprintf$5) refers to printf5.o(i._snputc) for _snputc
    printf5.o(i.__0vsprintf$5) refers to printf5.o(i._printf_core) for _printf_core
    printf5.o(i.__0vsprintf$5) refers to printf5.o(i._sputc) for _sputc
    printf5.o(i._printf_core) refers to uldiv.o(.text) for __aeabi_uldivmod
    printf6.o(i.__0fprintf$6) refers to printf6.o(i._printf_core) for _printf_core
    printf6.o(i.__0fprintf$6) refers to bsp_usart.o(.text) for fputc
    printf6.o(i.__0printf$6) refers to printf6.o(i._printf_core) for _printf_core
    printf6.o(i.__0printf$6) refers to bsp_usart.o(.text) for fputc
    printf6.o(i.__0printf$6) refers to stdout.o(.data) for __stdout
    printf6.o(i.__0snprintf$6) refers to printf6.o(i._printf_core) for _printf_core
    printf6.o(i.__0snprintf$6) refers to printf6.o(i._snputc) for _snputc
    printf6.o(i.__0sprintf$6) refers to printf6.o(i._printf_core) for _printf_core
    printf6.o(i.__0sprintf$6) refers to printf6.o(i._sputc) for _sputc
    printf6.o(i.__0vfprintf$6) refers to printf6.o(i._printf_core) for _printf_core
    printf6.o(i.__0vfprintf$6) refers to bsp_usart.o(.text) for fputc
    printf6.o(i.__0vprintf$6) refers to printf6.o(i._printf_core) for _printf_core
    printf6.o(i.__0vprintf$6) refers to bsp_usart.o(.text) for fputc
    printf6.o(i.__0vprintf$6) refers to stdout.o(.data) for __stdout
    printf6.o(i.__0vsnprintf$6) refers to printf6.o(i._printf_core) for _printf_core
    printf6.o(i.__0vsnprintf$6) refers to printf6.o(i._snputc) for _snputc
    printf6.o(i.__0vsprintf$6) refers to printf6.o(i._printf_core) for _printf_core
    printf6.o(i.__0vsprintf$6) refers to printf6.o(i._sputc) for _sputc
    printf6.o(i._printf_core) refers to printf6.o(i._printf_pre_padding) for _printf_pre_padding
    printf6.o(i._printf_core) refers to uidiv.o(.text) for __aeabi_uidivmod
    printf6.o(i._printf_core) refers to printf6.o(i._printf_post_padding) for _printf_post_padding
    printf7.o(i.__0fprintf$7) refers to printf7.o(i._printf_core) for _printf_core
    printf7.o(i.__0fprintf$7) refers to bsp_usart.o(.text) for fputc
    printf7.o(i.__0printf$7) refers to printf7.o(i._printf_core) for _printf_core
    printf7.o(i.__0printf$7) refers to bsp_usart.o(.text) for fputc
    printf7.o(i.__0printf$7) refers to stdout.o(.data) for __stdout
    printf7.o(i.__0snprintf$7) refers to printf7.o(i._printf_core) for _printf_core
    printf7.o(i.__0snprintf$7) refers to printf7.o(i._snputc) for _snputc
    printf7.o(i.__0sprintf$7) refers to printf7.o(i._printf_core) for _printf_core
    printf7.o(i.__0sprintf$7) refers to printf7.o(i._sputc) for _sputc
    printf7.o(i.__0vfprintf$7) refers to printf7.o(i._printf_core) for _printf_core
    printf7.o(i.__0vfprintf$7) refers to bsp_usart.o(.text) for fputc
    printf7.o(i.__0vprintf$7) refers to printf7.o(i._printf_core) for _printf_core
    printf7.o(i.__0vprintf$7) refers to bsp_usart.o(.text) for fputc
    printf7.o(i.__0vprintf$7) refers to stdout.o(.data) for __stdout
    printf7.o(i.__0vsnprintf$7) refers to printf7.o(i._printf_core) for _printf_core
    printf7.o(i.__0vsnprintf$7) refers to printf7.o(i._snputc) for _snputc
    printf7.o(i.__0vsprintf$7) refers to printf7.o(i._printf_core) for _printf_core
    printf7.o(i.__0vsprintf$7) refers to printf7.o(i._sputc) for _sputc
    printf7.o(i._printf_core) refers to printf7.o(i._printf_pre_padding) for _printf_pre_padding
    printf7.o(i._printf_core) refers to uldiv.o(.text) for __aeabi_uldivmod
    printf7.o(i._printf_core) refers to printf7.o(i._printf_post_padding) for _printf_post_padding
    printf8.o(i.__0fprintf$8) refers to printf8.o(i._printf_core) for _printf_core
    printf8.o(i.__0fprintf$8) refers to bsp_usart.o(.text) for fputc
    printf8.o(i.__0printf$8) refers to printf8.o(i._printf_core) for _printf_core
    printf8.o(i.__0printf$8) refers to bsp_usart.o(.text) for fputc
    printf8.o(i.__0printf$8) refers to stdout.o(.data) for __stdout
    printf8.o(i.__0snprintf$8) refers to printf8.o(i._printf_core) for _printf_core
    printf8.o(i.__0snprintf$8) refers to printf8.o(i._snputc) for _snputc
    printf8.o(i.__0sprintf$8) refers to printf8.o(i._printf_core) for _printf_core
    printf8.o(i.__0sprintf$8) refers to printf8.o(i._sputc) for _sputc
    printf8.o(i.__0vfprintf$8) refers to printf8.o(i._printf_core) for _printf_core
    printf8.o(i.__0vfprintf$8) refers to bsp_usart.o(.text) for fputc
    printf8.o(i.__0vprintf$8) refers to printf8.o(i._printf_core) for _printf_core
    printf8.o(i.__0vprintf$8) refers to bsp_usart.o(.text) for fputc
    printf8.o(i.__0vprintf$8) refers to stdout.o(.data) for __stdout
    printf8.o(i.__0vsnprintf$8) refers to printf8.o(i._printf_core) for _printf_core
    printf8.o(i.__0vsnprintf$8) refers to printf8.o(i._snputc) for _snputc
    printf8.o(i.__0vsprintf$8) refers to printf8.o(i._printf_core) for _printf_core
    printf8.o(i.__0vsprintf$8) refers to printf8.o(i._sputc) for _sputc
    printf8.o(i._printf_core) refers to printf8.o(i._printf_pre_padding) for _printf_pre_padding
    printf8.o(i._printf_core) refers to uldiv.o(.text) for __aeabi_uldivmod
    printf8.o(i._printf_core) refers to printf8.o(i._printf_post_padding) for _printf_post_padding
    printfa.o(i.__0fprintf) refers (Special) to iusefp.o(.text) for __I$use$fp
    printfa.o(i.__0fprintf) refers to printfa.o(i._printf_core) for _printf_core
    printfa.o(i.__0fprintf) refers to bsp_usart.o(.text) for fputc
    printfa.o(i.__0printf) refers (Special) to iusefp.o(.text) for __I$use$fp
    printfa.o(i.__0printf) refers to printfa.o(i._printf_core) for _printf_core
    printfa.o(i.__0printf) refers to bsp_usart.o(.text) for fputc
    printfa.o(i.__0printf) refers to stdout.o(.data) for __stdout
    printfa.o(i.__0snprintf) refers (Special) to iusefp.o(.text) for __I$use$fp
    printfa.o(i.__0snprintf) refers to printfa.o(i._printf_core) for _printf_core
    printfa.o(i.__0snprintf) refers to printfa.o(i._snputc) for _snputc
    printfa.o(i.__0sprintf) refers (Special) to iusefp.o(.text) for __I$use$fp
    printfa.o(i.__0sprintf) refers to printfa.o(i._printf_core) for _printf_core
    printfa.o(i.__0sprintf) refers to printfa.o(i._sputc) for _sputc
    printfa.o(i.__0vfprintf) refers (Special) to iusefp.o(.text) for __I$use$fp
    printfa.o(i.__0vfprintf) refers to printfa.o(i._printf_core) for _printf_core
    printfa.o(i.__0vfprintf) refers to bsp_usart.o(.text) for fputc
    printfa.o(i.__0vprintf) refers (Special) to iusefp.o(.text) for __I$use$fp
    printfa.o(i.__0vprintf) refers to printfa.o(i._printf_core) for _printf_core
    printfa.o(i.__0vprintf) refers to bsp_usart.o(.text) for fputc
    printfa.o(i.__0vprintf) refers to stdout.o(.data) for __stdout
    printfa.o(i.__0vsnprintf) refers (Special) to iusefp.o(.text) for __I$use$fp
    printfa.o(i.__0vsnprintf) refers to printfa.o(i._printf_core) for _printf_core
    printfa.o(i.__0vsnprintf) refers to printfa.o(i._snputc) for _snputc
    printfa.o(i.__0vsprintf) refers (Special) to iusefp.o(.text) for __I$use$fp
    printfa.o(i.__0vsprintf) refers to printfa.o(i._printf_core) for _printf_core
    printfa.o(i.__0vsprintf) refers to printfa.o(i._sputc) for _sputc
    printfa.o(i._fp_digits) refers (Special) to iusefp.o(.text) for __I$use$fp
    printfa.o(i._fp_digits) refers to dmul.o(.text) for __aeabi_dmul
    printfa.o(i._fp_digits) refers to ddiv.o(.text) for __aeabi_ddiv
    printfa.o(i._fp_digits) refers to cdrcmple.o(.text) for __aeabi_cdrcmple
    printfa.o(i._fp_digits) refers to dadd.o(.text) for __aeabi_dadd
    printfa.o(i._fp_digits) refers to dfixul.o(.text) for __aeabi_d2ulz
    printfa.o(i._fp_digits) refers to uldiv.o(.text) for __aeabi_uldivmod
    printfa.o(i._printf_core) refers (Special) to iusefp.o(.text) for __I$use$fp
    printfa.o(i._printf_core) refers to printfa.o(i._printf_pre_padding) for _printf_pre_padding
    printfa.o(i._printf_core) refers to uldiv.o(.text) for __aeabi_uldivmod
    printfa.o(i._printf_core) refers to printfa.o(i._printf_post_padding) for _printf_post_padding
    printfa.o(i._printf_core) refers to printfa.o(i._fp_digits) for _fp_digits
    printfa.o(i._printf_core) refers to uidiv.o(.text) for __aeabi_uidivmod
    printfa.o(i._printf_post_padding) refers (Special) to iusefp.o(.text) for __I$use$fp
    printfa.o(i._printf_pre_padding) refers (Special) to iusefp.o(.text) for __I$use$fp
    printfa.o(i._snputc) refers (Special) to iusefp.o(.text) for __I$use$fp
    printfa.o(i._sputc) refers (Special) to iusefp.o(.text) for __I$use$fp
    entry2.o(.ARM.Collect$$$$00000001) refers to entry2.o(.ARM.Collect$$$$00002712) for __lit__00000000
    entry2.o(.ARM.Collect$$$$00002712) refers to startup_stm32f10x_hd.o(STACK) for __initial_sp
    entry2.o(__vectab_stack_and_reset_area) refers to startup_stm32f10x_hd.o(STACK) for __initial_sp
    entry2.o(__vectab_stack_and_reset_area) refers to entry.o(.ARM.Collect$$$$00000000) for __main
    entry5.o(.ARM.Collect$$$$00000004) refers to init.o(.text) for __scatterload
    entry7.o(.ARM.Collect$$$$00000007) refers to main.o(.text) for main
    uldiv.o(.text) refers to llushr.o(.text) for __aeabi_llsr
    uldiv.o(.text) refers to llshl.o(.text) for __aeabi_llsl
    dadd.o(.text) refers to llshl.o(.text) for __aeabi_llsl
    dadd.o(.text) refers to llsshr.o(.text) for __aeabi_lasr
    dadd.o(.text) refers to depilogue.o(.text) for _double_epilogue
    dmul.o(.text) refers to depilogue.o(.text) for _double_epilogue
    ddiv.o(.text) refers to depilogue.o(.text) for _double_round
    dfixul.o(.text) refers to llushr.o(.text) for __aeabi_llsr
    dfixul.o(.text) refers to llshl.o(.text) for __aeabi_llsl
    init.o(.text) refers to entry5.o(.ARM.Collect$$$$00000004) for __main_after_scatterload
    depilogue.o(.text) refers to llshl.o(.text) for __aeabi_llsl
    depilogue.o(.text) refers to llushr.o(.text) for __aeabi_llsr


==============================================================================

Removing Unused input sections from the image.

    Removing core_cm3.o(.emb_text), (32 bytes).
    Removing startup_stm32f10x_hd.o(HEAP), (512 bytes).
    Removing misc.o(.text), (248 bytes).
    Removing stm32f10x_adc.o(.text), (1088 bytes).
    Removing stm32f10x_bkp.o(.text), (196 bytes).
    Removing stm32f10x_can.o(.text), (2580 bytes).
    Removing stm32f10x_cec.o(.text), (312 bytes).
    Removing stm32f10x_crc.o(.text), (72 bytes).
    Removing stm32f10x_dac.o(.text), (424 bytes).
    Removing stm32f10x_dbgmcu.o(.text), (48 bytes).
    Removing stm32f10x_dma.o(.text), (584 bytes).
    Removing stm32f10x_exti.o(.text), (316 bytes).
    Removing stm32f10x_flash.o(.text), (1480 bytes).
    Removing stm32f10x_fsmc.o(.text), (1560 bytes).
    Removing stm32f10x_i2c.o(.text), (1008 bytes).
    Removing stm32f10x_iwdg.o(.text), (64 bytes).
    Removing stm32f10x_pwr.o(.text), (216 bytes).
    Removing stm32f10x_rtc.o(.text), (376 bytes).
    Removing stm32f10x_sdio.o(.text), (472 bytes).
    Removing stm32f10x_tim.o(.text), (3502 bytes).
    Removing stm32f10x_wwdg.o(.text), (136 bytes).
    Removing bsp_systick.o(.text), (172 bytes).
    Removing bsp_systick.o(.data), (4 bytes).
    Removing dadd.o(.text), (330 bytes).
    Removing dmul.o(.text), (226 bytes).
    Removing ddiv.o(.text), (222 bytes).
    Removing dfixul.o(.text), (48 bytes).
    Removing cdrcmple.o(.text), (40 bytes).
    Removing depilogue.o(.text), (194 bytes).

29 unused section(s) (total 16462 bytes) removed from the image.

==============================================================================

Image Symbol Table

    Local Symbols

    Symbol Name                              Value     Ov Type        Size  Object(Section)

    ../../microlib/division.c                0x00000000   Number         0  uidiv.o ABSOLUTE
    ../../microlib/division.c                0x00000000   Number         0  uldiv.o ABSOLUTE
    ../../microlib/fpadd.c                   0x00000000   Number         0  dadd.o ABSOLUTE
    ../../microlib/fpdiv.c                   0x00000000   Number         0  ddiv.o ABSOLUTE
    ../../microlib/fpepilogue.c              0x00000000   Number         0  depilogue.o ABSOLUTE
    ../../microlib/fpfix.c                   0x00000000   Number         0  dfixul.o ABSOLUTE
    ../../microlib/fpmul.c                   0x00000000   Number         0  dmul.o ABSOLUTE
    ../../microlib/init/entry.s              0x00000000   Number         0  entry.o ABSOLUTE
    ../../microlib/init/entry.s              0x00000000   Number         0  entry7.o ABSOLUTE
    ../../microlib/init/entry.s              0x00000000   Number         0  entry5.o ABSOLUTE
    ../../microlib/init/entry.s              0x00000000   Number         0  entry2.o ABSOLUTE
    ../../microlib/longlong.c                0x00000000   Number         0  llsshr.o ABSOLUTE
    ../../microlib/longlong.c                0x00000000   Number         0  llshl.o ABSOLUTE
    ../../microlib/longlong.c                0x00000000   Number         0  llushr.o ABSOLUTE
    ../../microlib/printf/printf.c           0x00000000   Number         0  printf4.o ABSOLUTE
    ../../microlib/printf/printf.c           0x00000000   Number         0  printf3.o ABSOLUTE
    ../../microlib/printf/printf.c           0x00000000   Number         0  printf7.o ABSOLUTE
    ../../microlib/printf/printf.c           0x00000000   Number         0  printf6.o ABSOLUTE
    ../../microlib/printf/printf.c           0x00000000   Number         0  printfb.o ABSOLUTE
    ../../microlib/printf/printf.c           0x00000000   Number         0  printf2.o ABSOLUTE
    ../../microlib/printf/printf.c           0x00000000   Number         0  printf0.o ABSOLUTE
    ../../microlib/printf/printf.c           0x00000000   Number         0  printf1.o ABSOLUTE
    ../../microlib/printf/printf.c           0x00000000   Number         0  printfa.o ABSOLUTE
    ../../microlib/printf/printf.c           0x00000000   Number         0  printf8.o ABSOLUTE
    ../../microlib/printf/printf.c           0x00000000   Number         0  printf5.o ABSOLUTE
    ../../microlib/printf/stubs.s            0x00000000   Number         0  stubs.o ABSOLUTE
    ../../microlib/stdio/streams.c           0x00000000   Number         0  stdout.o ABSOLUTE
    ../../microlib/stdlib/rand.c             0x00000000   Number         0  rand.o ABSOLUTE
    ../../microlib/stubs.s                   0x00000000   Number         0  iusefp.o ABSOLUTE
    ..\CMSIS\core_cm3.c                      0x00000000   Number         0  core_cm3.o ABSOLUTE
    ..\CMSIS\startup\startup_stm32f10x_hd.s  0x00000000   Number         0  startup_stm32f10x_hd.o ABSOLUTE
    ..\CMSIS\system_stm32f10x.c              0x00000000   Number         0  system_stm32f10x.o ABSOLUTE
    ..\FWlib\src\misc.c                      0x00000000   Number         0  misc.o ABSOLUTE
    ..\FWlib\src\stm32f10x_adc.c             0x00000000   Number         0  stm32f10x_adc.o ABSOLUTE
    ..\FWlib\src\stm32f10x_bkp.c             0x00000000   Number         0  stm32f10x_bkp.o ABSOLUTE
    ..\FWlib\src\stm32f10x_can.c             0x00000000   Number         0  stm32f10x_can.o ABSOLUTE
    ..\FWlib\src\stm32f10x_cec.c             0x00000000   Number         0  stm32f10x_cec.o ABSOLUTE
    ..\FWlib\src\stm32f10x_crc.c             0x00000000   Number         0  stm32f10x_crc.o ABSOLUTE
    ..\FWlib\src\stm32f10x_dac.c             0x00000000   Number         0  stm32f10x_dac.o ABSOLUTE
    ..\FWlib\src\stm32f10x_dbgmcu.c          0x00000000   Number         0  stm32f10x_dbgmcu.o ABSOLUTE
    ..\FWlib\src\stm32f10x_dma.c             0x00000000   Number         0  stm32f10x_dma.o ABSOLUTE
    ..\FWlib\src\stm32f10x_exti.c            0x00000000   Number         0  stm32f10x_exti.o ABSOLUTE
    ..\FWlib\src\stm32f10x_flash.c           0x00000000   Number         0  stm32f10x_flash.o ABSOLUTE
    ..\FWlib\src\stm32f10x_fsmc.c            0x00000000   Number         0  stm32f10x_fsmc.o ABSOLUTE
    ..\FWlib\src\stm32f10x_gpio.c            0x00000000   Number         0  stm32f10x_gpio.o ABSOLUTE
    ..\FWlib\src\stm32f10x_i2c.c             0x00000000   Number         0  stm32f10x_i2c.o ABSOLUTE
    ..\FWlib\src\stm32f10x_iwdg.c            0x00000000   Number         0  stm32f10x_iwdg.o ABSOLUTE
    ..\FWlib\src\stm32f10x_pwr.c             0x00000000   Number         0  stm32f10x_pwr.o ABSOLUTE
    ..\FWlib\src\stm32f10x_rcc.c             0x00000000   Number         0  stm32f10x_rcc.o ABSOLUTE
    ..\FWlib\src\stm32f10x_rtc.c             0x00000000   Number         0  stm32f10x_rtc.o ABSOLUTE
    ..\FWlib\src\stm32f10x_sdio.c            0x00000000   Number         0  stm32f10x_sdio.o ABSOLUTE
    ..\FWlib\src\stm32f10x_spi.c             0x00000000   Number         0  stm32f10x_spi.o ABSOLUTE
    ..\FWlib\src\stm32f10x_tim.c             0x00000000   Number         0  stm32f10x_tim.o ABSOLUTE
    ..\FWlib\src\stm32f10x_usart.c           0x00000000   Number         0  stm32f10x_usart.o ABSOLUTE
    ..\FWlib\src\stm32f10x_wwdg.c            0x00000000   Number         0  stm32f10x_wwdg.o ABSOLUTE
    ..\\CMSIS\\core_cm3.c                    0x00000000   Number         0  core_cm3.o ABSOLUTE
    bsp_SysTick.c                            0x00000000   Number         0  bsp_systick.o ABSOLUTE
    bsp_ili9341_lcd.c                        0x00000000   Number         0  bsp_ili9341_lcd.o ABSOLUTE
    bsp_spi_flash.c                          0x00000000   Number         0  bsp_spi_flash.o ABSOLUTE
    bsp_usart.c                              0x00000000   Number         0  bsp_usart.o ABSOLUTE
    cdrcmple.s                               0x00000000   Number         0  cdrcmple.o ABSOLUTE
    dc.s                                     0x00000000   Number         0  dc.o ABSOLUTE
    fonts.c                                  0x00000000   Number         0  fonts.o ABSOLUTE
    handlers.s                               0x00000000   Number         0  handlers.o ABSOLUTE
    init.s                                   0x00000000   Number         0  init.o ABSOLUTE
    main.c                                   0x00000000   Number         0  main.o ABSOLUTE
    stm32f10x_it.c                           0x00000000   Number         0  stm32f10x_it.o ABSOLUTE
    RESET                                    0x08000000   Section      304  startup_stm32f10x_hd.o(RESET)
    .ARM.Collect$$$$00000000                 0x08000130   Section        0  entry.o(.ARM.Collect$$$$00000000)
    .ARM.Collect$$$$00000001                 0x08000130   Section        4  entry2.o(.ARM.Collect$$$$00000001)
    .ARM.Collect$$$$00000004                 0x08000134   Section        4  entry5.o(.ARM.Collect$$$$00000004)
    .ARM.Collect$$$$00000007                 0x08000138   Section        8  entry7.o(.ARM.Collect$$$$00000007)
    .ARM.Collect$$$$00002712                 0x08000140   Section        4  entry2.o(.ARM.Collect$$$$00002712)
    __lit__00000000                          0x08000140   Data           4  entry2.o(.ARM.Collect$$$$00002712)
    .text                                    0x08000144   Section        0  system_stm32f10x.o(.text)
    SetSysClockTo72                          0x08000145   Thumb Code   192  system_stm32f10x.o(.text)
    SetSysClock                              0x08000205   Thumb Code     8  system_stm32f10x.o(.text)
    .text                                    0x0800030c   Section       36  startup_stm32f10x_hd.o(.text)
    .text                                    0x08000330   Section        0  stm32f10x_gpio.o(.text)
    .text                                    0x08000688   Section        0  stm32f10x_rcc.o(.text)
    .text                                    0x08000a2c   Section        0  stm32f10x_spi.o(.text)
    .text                                    0x08000d3c   Section        0  stm32f10x_usart.o(.text)
    .text                                    0x08001148   Section        0  stm32f10x_it.o(.text)
    .text                                    0x08001164   Section        0  bsp_ili9341_lcd.o(.text)
    ILI9341_Delay                            0x08001165   Thumb Code    10  bsp_ili9341_lcd.o(.text)
    ILI9341_GPIO_Config                      0x0800116f   Thumb Code   126  bsp_ili9341_lcd.o(.text)
    ILI9341_REG_Config                       0x080011ed   Thumb Code   684  bsp_ili9341_lcd.o(.text)
    ILI9341_SetCursor                        0x080015f9   Thumb Code    20  bsp_ili9341_lcd.o(.text)
    ILI9341_FillColor                        0x0800160d   Thumb Code    32  bsp_ili9341_lcd.o(.text)
    ILI9341_Read_PixelData                   0x0800167f   Thumb Code    54  bsp_ili9341_lcd.o(.text)
    .text                                    0x080021a8   Section        0  bsp_spi_flash.o(.text)
    SPI_TIMEOUT_UserCallback                 0x0800225b   Thumb Code    16  bsp_spi_flash.o(.text)
    .text                                    0x08002720   Section        0  bsp_usart.o(.text)
    .text                                    0x080027dc   Section        0  fonts.o(.text)
    .text                                    0x0800282c   Section        0  main.o(.text)
    Delay                                    0x080028e7   Thumb Code    10  main.o(.text)
    .text                                    0x08003358   Section        0  rand.o(.text)
    .text                                    0x0800337c   Section        0  uidiv.o(.text)
    .text                                    0x080033a8   Section       36  init.o(.text)
    i.ILI9341_Read_Data                      0x080033cc   Section        0  bsp_ili9341_lcd.o(i.ILI9341_Read_Data)
    i.ILI9341_Write_Cmd                      0x08003438   Section        0  bsp_ili9341_lcd.o(i.ILI9341_Write_Cmd)
    i.ILI9341_Write_Data                     0x08003464   Section        0  bsp_ili9341_lcd.o(i.ILI9341_Write_Data)
    i.__0printf$1                            0x08003490   Section        0  printf1.o(i.__0printf$1)
    i.__0sprintf$1                           0x080034b0   Section        0  printf1.o(i.__0sprintf$1)
    i.__scatterload_copy                     0x080034d8   Section       14  handlers.o(i.__scatterload_copy)
    i.__scatterload_null                     0x080034e6   Section        2  handlers.o(i.__scatterload_null)
    i.__scatterload_zeroinit                 0x080034e8   Section       14  handlers.o(i.__scatterload_zeroinit)
    i._printf_core                           0x080034f8   Section        0  printf1.o(i._printf_core)
    _printf_core                             0x080034f9   Thumb Code   334  printf1.o(i._printf_core)
    i._sputc                                 0x0800364c   Section        0  printf1.o(i._sputc)
    _sputc                                   0x0800364d   Thumb Code    10  printf1.o(i._sputc)
    .constdata                               0x08003656   Section    15200  fonts.o(.constdata)
    .data                                    0x20000000   Section       20  system_stm32f10x.o(.data)
    .data                                    0x20000014   Section       20  stm32f10x_rcc.o(.data)
    APBAHBPrescTable                         0x20000014   Data          16  stm32f10x_rcc.o(.data)
    ADCPrescTable                            0x20000024   Data           4  stm32f10x_rcc.o(.data)
    .data                                    0x20000028   Section       16  bsp_ili9341_lcd.o(.data)
    LCD_Currentfonts                         0x20000030   Data           4  bsp_ili9341_lcd.o(.data)
    CurrentTextColor                         0x20000034   Data           2  bsp_ili9341_lcd.o(.data)
    CurrentBackColor                         0x20000036   Data           2  bsp_ili9341_lcd.o(.data)
    .data                                    0x20000038   Section        4  bsp_spi_flash.o(.data)
    SPITimeout                               0x20000038   Data           4  bsp_spi_flash.o(.data)
    .data                                    0x2000003c   Section       25  fonts.o(.data)
    everRead                                 0x20000054   Data           1  fonts.o(.data)
    .data                                    0x20000058   Section      136  main.o(.data)
    score                                    0x20000078   Data           1  main.o(.data)
    m                                        0x200000cc   Data           1  main.o(.data)
    n                                        0x200000cd   Data           1  main.o(.data)
    .data                                    0x200000e0   Section        4  rand.o(.data)
    _rand_state                              0x200000e0   Data           4  rand.o(.data)
    .data                                    0x200000e4   Section        4  stdout.o(.data)
    .bss                                     0x200000e8   Section    17408  bsp_ili9341_lcd.o(.bss)
    .bss                                     0x200044e8   Section      164  main.o(.bss)
    STACK                                    0x20004590   Section     1024  startup_stm32f10x_hd.o(STACK)

    Global Symbols

    Symbol Name                              Value     Ov Type        Size  Object(Section)

    BuildAttributes$$THM_ISAv4$P$D$K$B$S$PE$A:L22UL41UL21$X:L11$S22US41US21$IEEE1$IW$USESV6$~STKCKD$USESV7$~SHL$OSPACE$ROPI$EBA8$MICROLIB$REQ8$PRES8$EABIv2 0x00000000   Number         0  anon$$obj.o ABSOLUTE
    __ARM_use_no_argv                        0x00000000   Number         0  main.o ABSOLUTE
    _printf_a                                0x00000000   Number         0  stubs.o ABSOLUTE
    _printf_c                                0x00000000   Number         0  stubs.o ABSOLUTE
    _printf_charcount                        0x00000000   Number         0  stubs.o ABSOLUTE
    _printf_d                                0x00000000   Number         0  stubs.o ABSOLUTE
    _printf_e                                0x00000000   Number         0  stubs.o ABSOLUTE
    _printf_f                                0x00000000   Number         0  stubs.o ABSOLUTE
    _printf_flags                            0x00000000   Number         0  stubs.o ABSOLUTE
    _printf_fp_dec                           0x00000000   Number         0  stubs.o ABSOLUTE
    _printf_fp_hex                           0x00000000   Number         0  stubs.o ABSOLUTE
    _printf_g                                0x00000000   Number         0  stubs.o ABSOLUTE
    _printf_i                                0x00000000   Number         0  stubs.o ABSOLUTE
    _printf_int_dec                          0x00000000   Number         0  stubs.o ABSOLUTE
    _printf_l                                0x00000000   Number         0  stubs.o ABSOLUTE
    _printf_lc                               0x00000000   Number         0  stubs.o ABSOLUTE
    _printf_ll                               0x00000000   Number         0  stubs.o ABSOLUTE
    _printf_lld                              0x00000000   Number         0  stubs.o ABSOLUTE
    _printf_lli                              0x00000000   Number         0  stubs.o ABSOLUTE
    _printf_llo                              0x00000000   Number         0  stubs.o ABSOLUTE
    _printf_llu                              0x00000000   Number         0  stubs.o ABSOLUTE
    _printf_llx                              0x00000000   Number         0  stubs.o ABSOLUTE
    _printf_longlong_dec                     0x00000000   Number         0  stubs.o ABSOLUTE
    _printf_longlong_hex                     0x00000000   Number         0  stubs.o ABSOLUTE
    _printf_longlong_oct                     0x00000000   Number         0  stubs.o ABSOLUTE
    _printf_ls                               0x00000000   Number         0  stubs.o ABSOLUTE
    _printf_mbtowc                           0x00000000   Number         0  stubs.o ABSOLUTE
    _printf_n                                0x00000000   Number         0  stubs.o ABSOLUTE
    _printf_o                                0x00000000   Number         0  stubs.o ABSOLUTE
    _printf_p                                0x00000000   Number         0  stubs.o ABSOLUTE
    _printf_percent                          0x00000000   Number         0  stubs.o ABSOLUTE
    _printf_pre_padding                      0x00000000   Number         0  stubs.o ABSOLUTE
    _printf_return_value                     0x00000000   Number         0  stubs.o ABSOLUTE
    _printf_s                                0x00000000   Number         0  stubs.o ABSOLUTE
    _printf_sizespec                         0x00000000   Number         0  stubs.o ABSOLUTE
    _printf_str                              0x00000000   Number         0  stubs.o ABSOLUTE
    _printf_truncate_signed                  0x00000000   Number         0  stubs.o ABSOLUTE
    _printf_truncate_unsigned                0x00000000   Number         0  stubs.o ABSOLUTE
    _printf_u                                0x00000000   Number         0  stubs.o ABSOLUTE
    _printf_wc                               0x00000000   Number         0  stubs.o ABSOLUTE
    _printf_wctomb                           0x00000000   Number         0  stubs.o ABSOLUTE
    _printf_widthprec                        0x00000000   Number         0  stubs.o ABSOLUTE
    _printf_x                                0x00000000   Number         0  stubs.o ABSOLUTE
    __decompress                              - Undefined Weak Reference
    __Vectors_Size                           0x00000130   Number         0  startup_stm32f10x_hd.o ABSOLUTE
    __Vectors                                0x08000000   Data           4  startup_stm32f10x_hd.o(RESET)
    __Vectors_End                            0x08000130   Data           0  startup_stm32f10x_hd.o(RESET)
    __main                                   0x08000131   Thumb Code     0  entry.o(.ARM.Collect$$$$00000000)
    _main_stk                                0x08000131   Thumb Code     0  entry2.o(.ARM.Collect$$$$00000001)
    _main_scatterload                        0x08000135   Thumb Code     0  entry5.o(.ARM.Collect$$$$00000004)
    __main_after_scatterload                 0x08000139   Thumb Code     0  entry5.o(.ARM.Collect$$$$00000004)
    _main_init                               0x08000139   Thumb Code     0  entry7.o(.ARM.Collect$$$$00000007)
    SystemInit                               0x0800020d   Thumb Code    78  system_stm32f10x.o(.text)
    SystemCoreClockUpdate                    0x0800025b   Thumb Code   142  system_stm32f10x.o(.text)
    Reset_Handler                            0x0800030d   Thumb Code     8  startup_stm32f10x_hd.o(.text)
    ADC1_2_IRQHandler                        0x08000327   Thumb Code     0  startup_stm32f10x_hd.o(.text)
    ADC3_IRQHandler                          0x08000327   Thumb Code     0  startup_stm32f10x_hd.o(.text)
    CAN1_RX1_IRQHandler                      0x08000327   Thumb Code     0  startup_stm32f10x_hd.o(.text)
    CAN1_SCE_IRQHandler                      0x08000327   Thumb Code     0  startup_stm32f10x_hd.o(.text)
    DMA1_Channel1_IRQHandler                 0x08000327   Thumb Code     0  startup_stm32f10x_hd.o(.text)
    DMA1_Channel2_IRQHandler                 0x08000327   Thumb Code     0  startup_stm32f10x_hd.o(.text)
    DMA1_Channel3_IRQHandler                 0x08000327   Thumb Code     0  startup_stm32f10x_hd.o(.text)
    DMA1_Channel4_IRQHandler                 0x08000327   Thumb Code     0  startup_stm32f10x_hd.o(.text)
    DMA1_Channel5_IRQHandler                 0x08000327   Thumb Code     0  startup_stm32f10x_hd.o(.text)
    DMA1_Channel6_IRQHandler                 0x08000327   Thumb Code     0  startup_stm32f10x_hd.o(.text)
    DMA1_Channel7_IRQHandler                 0x08000327   Thumb Code     0  startup_stm32f10x_hd.o(.text)
    DMA2_Channel1_IRQHandler                 0x08000327   Thumb Code     0  startup_stm32f10x_hd.o(.text)
    DMA2_Channel2_IRQHandler                 0x08000327   Thumb Code     0  startup_stm32f10x_hd.o(.text)
    DMA2_Channel3_IRQHandler                 0x08000327   Thumb Code     0  startup_stm32f10x_hd.o(.text)
    DMA2_Channel4_5_IRQHandler               0x08000327   Thumb Code     0  startup_stm32f10x_hd.o(.text)
    EXTI0_IRQHandler                         0x08000327   Thumb Code     0  startup_stm32f10x_hd.o(.text)
    EXTI15_10_IRQHandler                     0x08000327   Thumb Code     0  startup_stm32f10x_hd.o(.text)
    EXTI1_IRQHandler                         0x08000327   Thumb Code     0  startup_stm32f10x_hd.o(.text)
    EXTI2_IRQHandler                         0x08000327   Thumb Code     0  startup_stm32f10x_hd.o(.text)
    EXTI3_IRQHandler                         0x08000327   Thumb Code     0  startup_stm32f10x_hd.o(.text)
    EXTI4_IRQHandler                         0x08000327   Thumb Code     0  startup_stm32f10x_hd.o(.text)
    EXTI9_5_IRQHandler                       0x08000327   Thumb Code     0  startup_stm32f10x_hd.o(.text)
    FLASH_IRQHandler                         0x08000327   Thumb Code     0  startup_stm32f10x_hd.o(.text)
    FSMC_IRQHandler                          0x08000327   Thumb Code     0  startup_stm32f10x_hd.o(.text)
    I2C1_ER_IRQHandler                       0x08000327   Thumb Code     0  startup_stm32f10x_hd.o(.text)
    I2C1_EV_IRQHandler                       0x08000327   Thumb Code     0  startup_stm32f10x_hd.o(.text)
    I2C2_ER_IRQHandler                       0x08000327   Thumb Code     0  startup_stm32f10x_hd.o(.text)
    I2C2_EV_IRQHandler                       0x08000327   Thumb Code     0  startup_stm32f10x_hd.o(.text)
    PVD_IRQHandler                           0x08000327   Thumb Code     0  startup_stm32f10x_hd.o(.text)
    RCC_IRQHandler                           0x08000327   Thumb Code     0  startup_stm32f10x_hd.o(.text)
    RTCAlarm_IRQHandler                      0x08000327   Thumb Code     0  startup_stm32f10x_hd.o(.text)
    RTC_IRQHandler                           0x08000327   Thumb Code     0  startup_stm32f10x_hd.o(.text)
    SDIO_IRQHandler                          0x08000327   Thumb Code     0  startup_stm32f10x_hd.o(.text)
    SPI1_IRQHandler                          0x08000327   Thumb Code     0  startup_stm32f10x_hd.o(.text)
    SPI2_IRQHandler                          0x08000327   Thumb Code     0  startup_stm32f10x_hd.o(.text)
    SPI3_IRQHandler                          0x08000327   Thumb Code     0  startup_stm32f10x_hd.o(.text)
    TAMPER_IRQHandler                        0x08000327   Thumb Code     0  startup_stm32f10x_hd.o(.text)
    TIM1_BRK_IRQHandler                      0x08000327   Thumb Code     0  startup_stm32f10x_hd.o(.text)
    TIM1_CC_IRQHandler                       0x08000327   Thumb Code     0  startup_stm32f10x_hd.o(.text)
    TIM1_TRG_COM_IRQHandler                  0x08000327   Thumb Code     0  startup_stm32f10x_hd.o(.text)
    TIM1_UP_IRQHandler                       0x08000327   Thumb Code     0  startup_stm32f10x_hd.o(.text)
    TIM2_IRQHandler                          0x08000327   Thumb Code     0  startup_stm32f10x_hd.o(.text)
    TIM3_IRQHandler                          0x08000327   Thumb Code     0  startup_stm32f10x_hd.o(.text)
    TIM4_IRQHandler                          0x08000327   Thumb Code     0  startup_stm32f10x_hd.o(.text)
    TIM5_IRQHandler                          0x08000327   Thumb Code     0  startup_stm32f10x_hd.o(.text)
    TIM6_IRQHandler                          0x08000327   Thumb Code     0  startup_stm32f10x_hd.o(.text)
    TIM7_IRQHandler                          0x08000327   Thumb Code     0  startup_stm32f10x_hd.o(.text)
    TIM8_BRK_IRQHandler                      0x08000327   Thumb Code     0  startup_stm32f10x_hd.o(.text)
    TIM8_CC_IRQHandler                       0x08000327   Thumb Code     0  startup_stm32f10x_hd.o(.text)
    TIM8_TRG_COM_IRQHandler                  0x08000327   Thumb Code     0  startup_stm32f10x_hd.o(.text)
    TIM8_UP_IRQHandler                       0x08000327   Thumb Code     0  startup_stm32f10x_hd.o(.text)
    UART4_IRQHandler                         0x08000327   Thumb Code     0  startup_stm32f10x_hd.o(.text)
    UART5_IRQHandler                         0x08000327   Thumb Code     0  startup_stm32f10x_hd.o(.text)
    USART1_IRQHandler                        0x08000327   Thumb Code     0  startup_stm32f10x_hd.o(.text)
    USART2_IRQHandler                        0x08000327   Thumb Code     0  startup_stm32f10x_hd.o(.text)
    USART3_IRQHandler                        0x08000327   Thumb Code     0  startup_stm32f10x_hd.o(.text)
    USBWakeUp_IRQHandler                     0x08000327   Thumb Code     0  startup_stm32f10x_hd.o(.text)
    USB_HP_CAN1_TX_IRQHandler                0x08000327   Thumb Code     0  startup_stm32f10x_hd.o(.text)
    USB_LP_CAN1_RX0_IRQHandler               0x08000327   Thumb Code     0  startup_stm32f10x_hd.o(.text)
    WWDG_IRQHandler                          0x08000327   Thumb Code     0  startup_stm32f10x_hd.o(.text)
    GPIO_DeInit                              0x08000331   Thumb Code   172  stm32f10x_gpio.o(.text)
    GPIO_AFIODeInit                          0x080003dd   Thumb Code    20  stm32f10x_gpio.o(.text)
    GPIO_Init                                0x080003f1   Thumb Code   274  stm32f10x_gpio.o(.text)
    GPIO_StructInit                          0x08000503   Thumb Code    16  stm32f10x_gpio.o(.text)
    GPIO_ReadInputDataBit                    0x08000513   Thumb Code    18  stm32f10x_gpio.o(.text)
    GPIO_ReadInputData                       0x08000525   Thumb Code     8  stm32f10x_gpio.o(.text)
    GPIO_ReadOutputDataBit                   0x0800052d   Thumb Code    18  stm32f10x_gpio.o(.text)
    GPIO_ReadOutputData                      0x0800053f   Thumb Code     8  stm32f10x_gpio.o(.text)
    GPIO_SetBits                             0x08000547   Thumb Code     4  stm32f10x_gpio.o(.text)
    GPIO_ResetBits                           0x0800054b   Thumb Code     4  stm32f10x_gpio.o(.text)
    GPIO_WriteBit                            0x0800054f   Thumb Code    10  stm32f10x_gpio.o(.text)
    GPIO_Write                               0x08000559   Thumb Code     4  stm32f10x_gpio.o(.text)
    GPIO_PinLockConfig                       0x0800055d   Thumb Code    18  stm32f10x_gpio.o(.text)
    GPIO_EventOutputConfig                   0x0800056f   Thumb Code    26  stm32f10x_gpio.o(.text)
    GPIO_EventOutputCmd                      0x08000589   Thumb Code     6  stm32f10x_gpio.o(.text)
    GPIO_PinRemapConfig                      0x0800058f   Thumb Code   138  stm32f10x_gpio.o(.text)
    GPIO_EXTILineConfig                      0x08000619   Thumb Code    66  stm32f10x_gpio.o(.text)
    GPIO_ETH_MediaInterfaceConfig            0x0800065b   Thumb Code     6  stm32f10x_gpio.o(.text)
    RCC_DeInit                               0x08000689   Thumb Code    64  stm32f10x_rcc.o(.text)
    RCC_HSEConfig                            0x080006c9   Thumb Code    70  stm32f10x_rcc.o(.text)
    RCC_GetFlagStatus                        0x0800070f   Thumb Code    56  stm32f10x_rcc.o(.text)
    RCC_WaitForHSEStartUp                    0x08000747   Thumb Code    48  stm32f10x_rcc.o(.text)
    RCC_AdjustHSICalibrationValue            0x08000777   Thumb Code    20  stm32f10x_rcc.o(.text)
    RCC_HSICmd                               0x0800078b   Thumb Code     6  stm32f10x_rcc.o(.text)
    RCC_PLLConfig                            0x08000791   Thumb Code    24  stm32f10x_rcc.o(.text)
    RCC_PLLCmd                               0x080007a9   Thumb Code     6  stm32f10x_rcc.o(.text)
    RCC_SYSCLKConfig                         0x080007af   Thumb Code    18  stm32f10x_rcc.o(.text)
    RCC_GetSYSCLKSource                      0x080007c1   Thumb Code    10  stm32f10x_rcc.o(.text)
    RCC_HCLKConfig                           0x080007cb   Thumb Code    18  stm32f10x_rcc.o(.text)
    RCC_PCLK1Config                          0x080007dd   Thumb Code    18  stm32f10x_rcc.o(.text)
    RCC_PCLK2Config                          0x080007ef   Thumb Code    20  stm32f10x_rcc.o(.text)
    RCC_ITConfig                             0x08000803   Thumb Code    30  stm32f10x_rcc.o(.text)
    RCC_USBCLKConfig                         0x08000821   Thumb Code     6  stm32f10x_rcc.o(.text)
    RCC_ADCCLKConfig                         0x08000827   Thumb Code    18  stm32f10x_rcc.o(.text)
    RCC_LSEConfig                            0x08000839   Thumb Code    44  stm32f10x_rcc.o(.text)
    RCC_LSICmd                               0x08000865   Thumb Code     6  stm32f10x_rcc.o(.text)
    RCC_RTCCLKConfig                         0x0800086b   Thumb Code    12  stm32f10x_rcc.o(.text)
    RCC_RTCCLKCmd                            0x08000877   Thumb Code     6  stm32f10x_rcc.o(.text)
    RCC_GetClocksFreq                        0x0800087d   Thumb Code   192  stm32f10x_rcc.o(.text)
    RCC_AHBPeriphClockCmd                    0x0800093d   Thumb Code    26  stm32f10x_rcc.o(.text)
    RCC_APB2PeriphClockCmd                   0x08000957   Thumb Code    26  stm32f10x_rcc.o(.text)
    RCC_APB1PeriphClockCmd                   0x08000971   Thumb Code    26  stm32f10x_rcc.o(.text)
    RCC_APB2PeriphResetCmd                   0x0800098b   Thumb Code    26  stm32f10x_rcc.o(.text)
    RCC_APB1PeriphResetCmd                   0x080009a5   Thumb Code    26  stm32f10x_rcc.o(.text)
    RCC_BackupResetCmd                       0x080009bf   Thumb Code     6  stm32f10x_rcc.o(.text)
    RCC_ClockSecuritySystemCmd               0x080009c5   Thumb Code     6  stm32f10x_rcc.o(.text)
    RCC_MCOConfig                            0x080009cb   Thumb Code     6  stm32f10x_rcc.o(.text)
    RCC_ClearFlag                            0x080009d1   Thumb Code    14  stm32f10x_rcc.o(.text)
    RCC_GetITStatus                          0x080009df   Thumb Code    20  stm32f10x_rcc.o(.text)
    RCC_ClearITPendingBit                    0x080009f3   Thumb Code     6  stm32f10x_rcc.o(.text)
    SPI_I2S_DeInit                           0x08000a2d   Thumb Code    76  stm32f10x_spi.o(.text)
    SPI_Init                                 0x08000a79   Thumb Code    60  stm32f10x_spi.o(.text)
    I2S_Init                                 0x08000ab5   Thumb Code   222  stm32f10x_spi.o(.text)
    SPI_StructInit                           0x08000b93   Thumb Code    24  stm32f10x_spi.o(.text)
    I2S_StructInit                           0x08000bab   Thumb Code    20  stm32f10x_spi.o(.text)
    SPI_Cmd                                  0x08000bbf   Thumb Code    24  stm32f10x_spi.o(.text)
    I2S_Cmd                                  0x08000bd7   Thumb Code    24  stm32f10x_spi.o(.text)
    SPI_I2S_ITConfig                         0x08000bef   Thumb Code    36  stm32f10x_spi.o(.text)
    SPI_I2S_DMACmd                           0x08000c13   Thumb Code    24  stm32f10x_spi.o(.text)
    SPI_I2S_SendData                         0x08000c2b   Thumb Code     4  stm32f10x_spi.o(.text)
    SPI_I2S_ReceiveData                      0x08000c2f   Thumb Code     6  stm32f10x_spi.o(.text)
    SPI_NSSInternalSoftwareConfig            0x08000c35   Thumb Code    30  stm32f10x_spi.o(.text)
    SPI_SSOutputCmd                          0x08000c53   Thumb Code    24  stm32f10x_spi.o(.text)
    SPI_DataSizeConfig                       0x08000c6b   Thumb Code    18  stm32f10x_spi.o(.text)
    SPI_TransmitCRC                          0x08000c7d   Thumb Code    10  stm32f10x_spi.o(.text)
    SPI_CalculateCRC                         0x08000c87   Thumb Code    24  stm32f10x_spi.o(.text)
    SPI_GetCRC                               0x08000c9f   Thumb Code    16  stm32f10x_spi.o(.text)
    SPI_GetCRCPolynomial                     0x08000caf   Thumb Code     6  stm32f10x_spi.o(.text)
    SPI_BiDirectionalLineConfig              0x08000cb5   Thumb Code    28  stm32f10x_spi.o(.text)
    SPI_I2S_GetFlagStatus                    0x08000cd1   Thumb Code    18  stm32f10x_spi.o(.text)
    SPI_I2S_ClearFlag                        0x08000ce3   Thumb Code     6  stm32f10x_spi.o(.text)
    SPI_I2S_GetITStatus                      0x08000ce9   Thumb Code    52  stm32f10x_spi.o(.text)
    SPI_I2S_ClearITPendingBit                0x08000d1d   Thumb Code    20  stm32f10x_spi.o(.text)
    USART_DeInit                             0x08000d3d   Thumb Code   134  stm32f10x_usart.o(.text)
    USART_Init                               0x08000dc3   Thumb Code   210  stm32f10x_usart.o(.text)
    USART_StructInit                         0x08000e95   Thumb Code    24  stm32f10x_usart.o(.text)
    USART_ClockInit                          0x08000ead   Thumb Code    34  stm32f10x_usart.o(.text)
    USART_ClockStructInit                    0x08000ecf   Thumb Code    12  stm32f10x_usart.o(.text)
    USART_Cmd                                0x08000edb   Thumb Code    24  stm32f10x_usart.o(.text)
    USART_ITConfig                           0x08000ef3   Thumb Code    74  stm32f10x_usart.o(.text)
    USART_DMACmd                             0x08000f3d   Thumb Code    24  stm32f10x_usart.o(.text)
    USART_SetAddress                         0x08000f55   Thumb Code    18  stm32f10x_usart.o(.text)
    USART_WakeUpConfig                       0x08000f67   Thumb Code    18  stm32f10x_usart.o(.text)
    USART_ReceiverWakeUpCmd                  0x08000f79   Thumb Code    24  stm32f10x_usart.o(.text)
    USART_LINBreakDetectLengthConfig         0x08000f91   Thumb Code    18  stm32f10x_usart.o(.text)
    USART_LINCmd                             0x08000fa3   Thumb Code    24  stm32f10x_usart.o(.text)
    USART_SendData                           0x08000fbb   Thumb Code     8  stm32f10x_usart.o(.text)
    USART_ReceiveData                        0x08000fc3   Thumb Code    10  stm32f10x_usart.o(.text)
    USART_SendBreak                          0x08000fcd   Thumb Code    10  stm32f10x_usart.o(.text)
    USART_SetGuardTime                       0x08000fd7   Thumb Code    16  stm32f10x_usart.o(.text)
    USART_SetPrescaler                       0x08000fe7   Thumb Code    16  stm32f10x_usart.o(.text)
    USART_SmartCardCmd                       0x08000ff7   Thumb Code    24  stm32f10x_usart.o(.text)
    USART_SmartCardNACKCmd                   0x0800100f   Thumb Code    24  stm32f10x_usart.o(.text)
    USART_HalfDuplexCmd                      0x08001027   Thumb Code    24  stm32f10x_usart.o(.text)
    USART_OverSampling8Cmd                   0x0800103f   Thumb Code    22  stm32f10x_usart.o(.text)
    USART_OneBitMethodCmd                    0x08001055   Thumb Code    24  stm32f10x_usart.o(.text)
    USART_IrDAConfig                         0x0800106d   Thumb Code    18  stm32f10x_usart.o(.text)
    USART_IrDACmd                            0x0800107f   Thumb Code    24  stm32f10x_usart.o(.text)
    USART_GetFlagStatus                      0x08001097   Thumb Code    26  stm32f10x_usart.o(.text)
    USART_ClearFlag                          0x080010b1   Thumb Code    18  stm32f10x_usart.o(.text)
    USART_GetITStatus                        0x080010c3   Thumb Code    84  stm32f10x_usart.o(.text)
    USART_ClearITPendingBit                  0x08001117   Thumb Code    50  stm32f10x_usart.o(.text)
    NMI_Handler                              0x08001149   Thumb Code     2  stm32f10x_it.o(.text)
    HardFault_Handler                        0x0800114b   Thumb Code     4  stm32f10x_it.o(.text)
    MemManage_Handler                        0x0800114f   Thumb Code     4  stm32f10x_it.o(.text)
    BusFault_Handler                         0x08001153   Thumb Code     4  stm32f10x_it.o(.text)
    UsageFault_Handler                       0x08001157   Thumb Code     4  stm32f10x_it.o(.text)
    SVC_Handler                              0x0800115b   Thumb Code     2  stm32f10x_it.o(.text)
    DebugMon_Handler                         0x0800115d   Thumb Code     2  stm32f10x_it.o(.text)
    PendSV_Handler                           0x0800115f   Thumb Code     2  stm32f10x_it.o(.text)
    SysTick_Handler                          0x08001161   Thumb Code     2  stm32f10x_it.o(.text)
    ILI9341_GramScan                         0x08001499   Thumb Code   170  bsp_ili9341_lcd.o(.text)
    ILI9341_BackLed_Control                  0x08001543   Thumb Code    26  bsp_ili9341_lcd.o(.text)
    ILI9341_Init                             0x0800155d   Thumb Code    60  bsp_ili9341_lcd.o(.text)
    ILI9341_OpenWindow                       0x08001599   Thumb Code    96  bsp_ili9341_lcd.o(.text)
    ILI9341_Clear                            0x0800162d   Thumb Code    40  bsp_ili9341_lcd.o(.text)
    ILI9341_SetPointPixel                    0x08001655   Thumb Code    42  bsp_ili9341_lcd.o(.text)
    ILI9341_GetPointPixel                    0x080016b5   Thumb Code    24  bsp_ili9341_lcd.o(.text)
    ILI9341_DrawLine                         0x080016cd   Thumb Code   160  bsp_ili9341_lcd.o(.text)
    ILI9341_DrawRectangle                    0x0800176d   Thumb Code   132  bsp_ili9341_lcd.o(.text)
    ILI9341_DrawCircle                       0x080017f1   Thumb Code   312  bsp_ili9341_lcd.o(.text)
    ILI9341_DispChar_EN                      0x08001929   Thumb Code   138  bsp_ili9341_lcd.o(.text)
    ILI9341_DispStringLine_EN                0x080019b3   Thumb Code    92  bsp_ili9341_lcd.o(.text)
    ILI9341_DispString_EN                    0x08001a0f   Thumb Code   114  bsp_ili9341_lcd.o(.text)
    ILI9341_DispString_EN_YDir               0x08001a81   Thumb Code    92  bsp_ili9341_lcd.o(.text)
    ILI9341_DispChar_CH                      0x08001add   Thumb Code   116  bsp_ili9341_lcd.o(.text)
    ILI9341_DispString_CH                    0x08001b51   Thumb Code    86  bsp_ili9341_lcd.o(.text)
    ILI9341_DispStringLine_EN_CH             0x08001ba7   Thumb Code   168  bsp_ili9341_lcd.o(.text)
    ILI9341_DispString_EN_CH                 0x08001c4f   Thumb Code   168  bsp_ili9341_lcd.o(.text)
    ILI9341_DispString_EN_CH_YDir            0x08001cf7   Thumb Code   112  bsp_ili9341_lcd.o(.text)
    ILI9341_zoomChar                         0x08001d67   Thumb Code   400  bsp_ili9341_lcd.o(.text)
    ILI9341_DrawChar_Ex                      0x08001ef7   Thumb Code    92  bsp_ili9341_lcd.o(.text)
    ILI9341_DisplayStringEx                  0x08001f53   Thumb Code   244  bsp_ili9341_lcd.o(.text)
    ILI9341_DisplayStringEx_YDir             0x08002047   Thumb Code   248  bsp_ili9341_lcd.o(.text)
    LCD_SetFont                              0x0800213f   Thumb Code     6  bsp_ili9341_lcd.o(.text)
    LCD_GetFont                              0x08002145   Thumb Code     6  bsp_ili9341_lcd.o(.text)
    LCD_SetColors                            0x0800214b   Thumb Code    10  bsp_ili9341_lcd.o(.text)
    LCD_GetColors                            0x08002155   Thumb Code    14  bsp_ili9341_lcd.o(.text)
    LCD_SetTextColor                         0x08002163   Thumb Code     6  bsp_ili9341_lcd.o(.text)
    LCD_SetBackColor                         0x08002169   Thumb Code     6  bsp_ili9341_lcd.o(.text)
    LCD_ClearLine                            0x0800216f   Thumb Code    26  bsp_ili9341_lcd.o(.text)
    SPI_FLASH_Init                           0x080021a9   Thumb Code   178  bsp_spi_flash.o(.text)
    SPI_FLASH_SendByte                       0x0800226b   Thumb Code   110  bsp_spi_flash.o(.text)
    SPI_FLASH_WaitForWriteEnd                0x080022d9   Thumb Code    46  bsp_spi_flash.o(.text)
    SPI_FLASH_WriteEnable                    0x08002307   Thumb Code    26  bsp_spi_flash.o(.text)
    SPI_FLASH_SectorErase                    0x08002321   Thumb Code    62  bsp_spi_flash.o(.text)
    SPI_FLASH_BulkErase                      0x0800235f   Thumb Code    34  bsp_spi_flash.o(.text)
    SPI_FLASH_PageWrite                      0x08002381   Thumb Code    98  bsp_spi_flash.o(.text)
    SPI_FLASH_BufferWrite                    0x080023e3   Thumb Code   290  bsp_spi_flash.o(.text)
    SPI_FLASH_BufferRead                     0x08002505   Thumb Code    76  bsp_spi_flash.o(.text)
    SPI_FLASH_ReadID                         0x08002551   Thumb Code    74  bsp_spi_flash.o(.text)
    SPI_FLASH_ReadDeviceID                   0x0800259b   Thumb Code   170  bsp_spi_flash.o(.text)
    SPI_FLASH_StartReadSequence              0x08002645   Thumb Code    42  bsp_spi_flash.o(.text)
    SPI_FLASH_ReadByte                       0x0800266f   Thumb Code    10  bsp_spi_flash.o(.text)
    SPI_FLASH_SendHalfWord                   0x08002679   Thumb Code   104  bsp_spi_flash.o(.text)
    SPI_Flash_PowerDown                      0x080026e1   Thumb Code    26  bsp_spi_flash.o(.text)
    SPI_Flash_WAKEUP                         0x080026fb   Thumb Code    26  bsp_spi_flash.o(.text)
    USART_Config                             0x08002721   Thumb Code   120  bsp_usart.o(.text)
    fputc                                    0x08002799   Thumb Code    32  bsp_usart.o(.text)
    fgetc                                    0x080027b9   Thumb Code    26  bsp_usart.o(.text)
    GetGBKCode_from_EXFlash                  0x080027dd   Thumb Code    74  fonts.o(.text)
    Key_Init1                                0x0800282d   Thumb Code    40  main.o(.text)
    Key_Init2                                0x08002855   Thumb Code    38  main.o(.text)
    Key_Scan                                 0x0800287b   Thumb Code   108  main.o(.text)
    main                                     0x080028f1   Thumb Code  2544  main.o(.text)
    rand                                     0x08003359   Thumb Code    20  rand.o(.text)
    srand                                    0x0800336d   Thumb Code     6  rand.o(.text)
    __aeabi_uidiv                            0x0800337d   Thumb Code     0  uidiv.o(.text)
    __aeabi_uidivmod                         0x0800337d   Thumb Code    44  uidiv.o(.text)
    __scatterload                            0x080033a9   Thumb Code    28  init.o(.text)
    __scatterload_rt2                        0x080033a9   Thumb Code     0  init.o(.text)
    ILI9341_Read_Data                        0x080033cd   Thumb Code    92  bsp_ili9341_lcd.o(i.ILI9341_Read_Data)
    ILI9341_Write_Cmd                        0x08003439   Thumb Code    34  bsp_ili9341_lcd.o(i.ILI9341_Write_Cmd)
    ILI9341_Write_Data                       0x08003465   Thumb Code    34  bsp_ili9341_lcd.o(i.ILI9341_Write_Data)
    __0printf$1                              0x08003491   Thumb Code    22  printf1.o(i.__0printf$1)
    __1printf$1                              0x08003491   Thumb Code     0  printf1.o(i.__0printf$1)
    __2printf                                0x08003491   Thumb Code     0  printf1.o(i.__0printf$1)
    __0sprintf$1                             0x080034b1   Thumb Code    34  printf1.o(i.__0sprintf$1)
    __1sprintf$1                             0x080034b1   Thumb Code     0  printf1.o(i.__0sprintf$1)
    __2sprintf                               0x080034b1   Thumb Code     0  printf1.o(i.__0sprintf$1)
    __scatterload_copy                       0x080034d9   Thumb Code    14  handlers.o(i.__scatterload_copy)
    __scatterload_null                       0x080034e7   Thumb Code     2  handlers.o(i.__scatterload_null)
    __scatterload_zeroinit                   0x080034e9   Thumb Code    14  handlers.o(i.__scatterload_zeroinit)
    ASCII8x16_Table                          0x08003656   Data        1520  fonts.o(.constdata)
    ASCII16x24_Table                         0x08003c46   Data        4560  fonts.o(.constdata)
    ASCII24x32_Table                         0x08004e16   Data        9120  fonts.o(.constdata)
    Region$$Table$$Base                      0x080071b8   Number         0  anon$$obj.o(Region$$Table)
    Region$$Table$$Limit                     0x080071d8   Number         0  anon$$obj.o(Region$$Table)
    SystemCoreClock                          0x20000000   Data           4  system_stm32f10x.o(.data)
    AHBPrescTable                            0x20000004   Data          16  system_stm32f10x.o(.data)
    LCD_X_LENGTH                             0x20000028   Data           2  bsp_ili9341_lcd.o(.data)
    LCD_Y_LENGTH                             0x2000002a   Data           2  bsp_ili9341_lcd.o(.data)
    LCD_SCAN_MODE                            0x2000002c   Data           1  bsp_ili9341_lcd.o(.data)
    Font8x16                                 0x2000003c   Data           8  fonts.o(.data)
    Font16x24                                0x20000044   Data           8  fonts.o(.data)
    Font24x32                                0x2000004c   Data           8  fonts.o(.data)
    PAs                                      0x20000058   Data          16  main.o(.data)
    COLOR                                    0x20000068   Data          16  main.o(.data)
    x                                        0x20000079   Data           1  main.o(.data)
    y                                        0x2000007a   Data           1  main.o(.data)
    i                                        0x2000007b   Data           1  main.o(.data)
    j                                        0x2000007c   Data           1  main.o(.data)
    x1                                       0x2000007d   Data           1  main.o(.data)
    y1                                       0x2000007e   Data           1  main.o(.data)
    dx                                       0x2000007f   Data           1  main.o(.data)
    dy                                       0x20000080   Data           1  main.o(.data)
    flag                                     0x20000084   Data           4  main.o(.data)
    c                                        0x20000088   Data           4  main.o(.data)
    close                                    0x2000008c   Data          32  main.o(.data)
    close1                                   0x200000ac   Data          32  main.o(.data)
    r                                        0x200000d0   Data           4  main.o(.data)
    key_temp                                 0x200000d4   Data           1  main.o(.data)
    x2                                       0x200000d5   Data           1  main.o(.data)
    y2                                       0x200000d6   Data           1  main.o(.data)
    color                                    0x200000d7   Data           1  main.o(.data)
    temp                                     0x200000d8   Data           4  main.o(.data)
    q                                        0x200000dc   Data           4  main.o(.data)
    __stdout                                 0x200000e4   Data           4  stdout.o(.data)
    zoomBuff                                 0x200000e8   Data       16384  bsp_ili9341_lcd.o(.bss)
    zoomTempBuff                             0x200040e8   Data        1024  bsp_ili9341_lcd.o(.bss)
    dispBuff                                 0x200044e8   Data         100  main.o(.bss)
    Ball                                     0x2000454c   Data          64  main.o(.bss)
    __initial_sp                             0x20004990   Data           0  startup_stm32f10x_hd.o(STACK)



==============================================================================

Memory Map of the image

  Image Entry point : 0x08000131

  Load Region LR_IROM1 (Base: 0x08000000, Size: 0x000072c0, Max: 0x00040000, ABSOLUTE)

    Execution Region ER_IROM1 (Base: 0x08000000, Size: 0x000071d8, Max: 0x00040000, ABSOLUTE)

    Base Addr    Size         Type   Attr      Idx    E Section Name        Object

    0x08000000   0x00000130   Data   RO          116    RESET               startup_stm32f10x_hd.o
    0x08000130   0x00000000   Code   RO          558  * .ARM.Collect$$$$00000000  mc_w.l(entry.o)(mc_w.l)
    0x08000130   0x00000004   Code   RO          825    .ARM.Collect$$$$00000001  mc_w.l(entry2.o)(mc_w.l)
    0x08000134   0x00000004   Code   RO          828    .ARM.Collect$$$$00000004  mc_w.l(entry5.o)(mc_w.l)
    0x08000138   0x00000008   Code   RO          829    .ARM.Collect$$$$00000007  mc_w.l(entry7.o)(mc_w.l)
    0x08000140   0x00000004   Code   RO          826    .ARM.Collect$$$$00002712  mc_w.l(entry2.o)(mc_w.l)
    0x08000144   0x000001c8   Code   RO           17    .text               system_stm32f10x.o
    0x0800030c   0x00000024   Code   RO          117    .text               startup_stm32f10x_hd.o
    0x08000330   0x00000358   Code   RO          269    .text               stm32f10x_gpio.o
    0x08000688   0x000003a4   Code   RO          317    .text               stm32f10x_rcc.o
    0x08000a2c   0x00000310   Code   RO          355    .text               stm32f10x_spi.o
    0x08000d3c   0x0000040c   Code   RO          379    .text               stm32f10x_usart.o
    0x08001148   0x0000001a   Code   RO          403    .text               stm32f10x_it.o
    0x08001162   0x00000002   PAD
    0x08001164   0x00001044   Code   RO          418    .text               bsp_ili9341_lcd.o
    0x080021a8   0x00000578   Code   RO          459    .text               bsp_spi_flash.o
    0x08002720   0x000000bc   Code   RO          501    .text               bsp_usart.o
    0x080027dc   0x00000050   Code   RO          516    .text               fonts.o
    0x0800282c   0x00000b2c   Code   RO          535    .text               main.o
    0x08003358   0x00000024   Code   RO          561    .text               mc_w.l(rand.o)(mc_w.l)
    0x0800337c   0x0000002c   Code   RO          831    .text               mc_w.l(uidiv.o)(mc_w.l)
    0x080033a8   0x00000024   Code   RO          846    .text               mc_w.l(init.o)(mc_w.l)
    0x080033cc   0x0000006c   Code   RO          443    i.ILI9341_Read_Data  bsp_ili9341_lcd.o
    0x08003438   0x0000002c   Code   RO          431    i.ILI9341_Write_Cmd  bsp_ili9341_lcd.o
    0x08003464   0x0000002c   Code   RO          437    i.ILI9341_Write_Data  bsp_ili9341_lcd.o
    0x08003490   0x00000020   Code   RO          609    i.__0printf$1       mc_w.l(printf1.o)(mc_w.l)
    0x080034b0   0x00000028   Code   RO          611    i.__0sprintf$1      mc_w.l(printf1.o)(mc_w.l)
    0x080034d8   0x0000000e   Code   RO          858    i.__scatterload_copy  mc_w.l(handlers.o)(mc_w.l)
    0x080034e6   0x00000002   Code   RO          859    i.__scatterload_null  mc_w.l(handlers.o)(mc_w.l)
    0x080034e8   0x0000000e   Code   RO          860    i.__scatterload_zeroinit  mc_w.l(handlers.o)(mc_w.l)
    0x080034f6   0x00000002   PAD
    0x080034f8   0x00000154   Code   RO          616    i._printf_core      mc_w.l(printf1.o)(mc_w.l)
    0x0800364c   0x0000000a   Code   RO          618    i._sputc            mc_w.l(printf1.o)(mc_w.l)
    0x08003656   0x00003b60   Data   RO          517    .constdata          fonts.o
    0x080071b6   0x00000002   PAD
    0x080071b8   0x00000020   Data   RO          856    Region$$Table       anon$$obj.o


    Execution Region RW_IRAM1 (Base: 0x20000000, Size: 0x00004990, Max: 0x0000c000, ABSOLUTE)

    Base Addr    Size         Type   Attr      Idx    E Section Name        Object

    0x20000000   0x00000014   Data   RW           18    .data               system_stm32f10x.o
    0x20000014   0x00000014   Data   RW          318    .data               stm32f10x_rcc.o
    0x20000028   0x00000010   Data   RW          420    .data               bsp_ili9341_lcd.o
    0x20000038   0x00000004   Data   RW          460    .data               bsp_spi_flash.o
    0x2000003c   0x00000019   Data   RW          518    .data               fonts.o
    0x20000055   0x00000003   PAD
    0x20000058   0x00000088   Data   RW          537    .data               main.o
    0x200000e0   0x00000004   Data   RW          562    .data               mc_w.l(rand.o)(mc_w.l)
    0x200000e4   0x00000004   Data   RW          830    .data               mc_w.l(stdout.o)(mc_w.l)
    0x200000e8   0x00004400   Zero   RW          419    .bss                bsp_ili9341_lcd.o
    0x200044e8   0x000000a4   Zero   RW          536    .bss                main.o
    0x2000458c   0x00000004   PAD
    0x20004590   0x00000400   Zero   RW          114    STACK               startup_stm32f10x_hd.o


==============================================================================

Image component sizes


      Code (inc. data)   RO Data    RW Data    ZI Data      Debug   Object Name

      4360        148          0         16      17408          0   bsp_ili9341_lcd.o
      1400        124          0          4          0          0   bsp_spi_flash.o
       188         10          0          0          0          0   bsp_usart.o
         0          0          0          0          0          0   core_cm3.o
        80          6      15200         25          0          0   fonts.o
      2860        282          0        136        164          0   main.o
        36          8        304          0       1024          0   startup_stm32f10x_hd.o
       856         40          0          0          0          0   stm32f10x_gpio.o
        26          0          0          0          0          0   stm32f10x_it.o
       932         52          0         20          0          0   stm32f10x_rcc.o
       784         12          0          0          0          0   stm32f10x_spi.o
      1036         20          0          0          0          0   stm32f10x_usart.o
       456         36          0         20          0          0   system_stm32f10x.o

    ----------------------------------------------------------------------
     13016        738      15538        224      18600          0   Object Totals
         0          0         32          0          0          0   (incl. Generated)
         2          0          2          3          4          0   (incl. Padding)

    ----------------------------------------------------------------------

      Code (inc. data)   RO Data    RW Data    ZI Data      Debug   Library Member Name

         0          0          0          0          0          0   entry.o
         8          4          0          0          0          0   entry2.o
         4          0          0          0          0          0   entry5.o
         8          4          0          0          0          0   entry7.o
        30          0          0          0          0          0   handlers.o
        36          8          0          0          0          0   init.o
       422         22          0          0          0          0   printf1.o
        36         10          0          4          0          0   rand.o
         0          0          0          4          0          0   stdout.o
        44          0          0          0          0          0   uidiv.o

    ----------------------------------------------------------------------
       590         48          0          8          0          0   Library Totals
         2          0          0          0          0          0   (incl. Padding)

    ----------------------------------------------------------------------

      Code (inc. data)   RO Data    RW Data    ZI Data      Debug   Library Name

       588         48          0          8          0        616   mc_w.l

    ----------------------------------------------------------------------
       590         48          0          8          0          0   Library Totals

    ----------------------------------------------------------------------

==============================================================================


      Code (inc. data)   RO Data    RW Data    ZI Data      Debug   

     13606        786      15538        232      18600     295980   Grand Totals
     13606        786      15538        232      18600     295980   ELF Image Totals
     13606        786      15538        232          0          0   ROM Totals

==============================================================================

    Total RO  Size (Code + RO Data)                29144 (  28.46kB)
    Total RW  Size (RW Data + ZI Data)             18832 (  18.39kB)
    Total ROM Size (Code + RO Data + RW Data)      29376 (  28.69kB)

==============================================================================

